
; 64tass Turbo Assembler Macro V1.54.1900? listing file
; 64tass -Wall -q -c -o upload.prg -L upload.lst upload.asm
; Sat Nov  2 15:54:58 2019

;Offset	;Hex		;Monitor	;Source

;******  Processing input file: upload.asm

.2000					Upload:
.2000	a9 fa		lda #$fa			lda 	#$FA						; plx
.2002	85 00		sta $00				sta 	$00
.2004	a9 7a		lda #$7a			lda 	#$7A						; ply
.2006	85 01		sta $01				sta 	$01
.2008	a9 5a		lda #$5a			lda 	#$5A 						; phy
.200a	85 02		sta $02				sta 	$02
.200c	a9 da		lda #$da			lda 	#$DA 						; phx
.200e	85 03		sta $03				sta 	$03
.2010	a9 60		lda #$60			lda 	#$60 						; rts
.2012	85 04		sta $04				sta 	$04
.2014	20 00 00	jsr $0000			jsr 	$0000 						; call it - puts Call00Returns-1 in YX.
.2017					Call00Returns:
.2017	8a		txa				txa
.2018	38		sec				sec 								; add 1 for RTS
.2019	69 28		adc #$28			adc 	#(UploadData-Call00Returns) & $FF
.201b	85 00		sta $00				sta 	$00
.201d	98		tya				tya
.201e	69 00		adc #$00			adc 	#(UploadData-Call00Returns) >> 8
.2020	85 01		sta $01				sta 	$01
.2022	64 02		stz $02				stz 	$02
.2024	a9 a0		lda #$a0			lda 	#$A0
.2026	85 03		sta $03				sta 	$03
.2028	9c b1 9f	stz $9fb1			stz 	$9FB1 						; copy it into bank 0.
.202b	a0 00		ldy #$00			ldy 	#0
.202d					CopyData:
.202d	b1 00		lda ($00),y			lda 	($00),y
.202f	91 02		sta ($02),y			sta 	($02),y
.2031	c8		iny				iny
.2032	d0 f9		bne $202d			bne 	CopyData
.2034	e6 01		inc $01				inc 	$01 						; bump MSB
.2036	e6 03		inc $03				inc 	$03
.2038	a5 03		lda $03				lda 	$03 						; until copied 8k.
.203a	c9 c0		cmp #$c0			cmp 	#$C0
.203c	d0 ef		bne $202d			bne 	CopyData
.203e	60		rts				rts 								; and exit
.203f					UploadData:

;******  End of listing
